<testsuite name="solutions" timestamp="2022-03-21T10:07:13" time="0" hostname="MacOSdeMacBook-Pro.local" tests="0" failures="0" errors="0">
<properties></properties>
</testsuite>
